test mqtt-benchmark-24
test mqtt-benchmark-23
test mqtt-benchmark-97
test mqtt-benchmark-103
test mqtt-benchmark-0
test mqtt-benchmark-1
test mqtt-benchmark-13
test mqtt-benchmark-100
test mqtt-benchmark-44
test mqtt-benchmark-11
test mqtt-benchmark-56
test mqtt-benchmark-6
test mqtt-benchmark-26
test mqtt-benchmark-43
test mqtt-benchmark-12
test mqtt-benchmark-29
test mqtt-benchmark-9
test mqtt-benchmark-57
test mqtt-benchmark-42
test mqtt-benchmark-40
test mqtt-benchmark-7
test mqtt-benchmark-39
test mqtt-benchmark-64
test mqtt-benchmark-28
test mqtt-benchmark-45
test mqtt-benchmark-30
test mqtt-benchmark-4
test mqtt-benchmark-58
test mqtt-benchmark-25
test mqtt-benchmark-61
test mqtt-benchmark-68
test mqtt-benchmark-8
test mqtt-benchmark-69
test mqtt-benchmark-148
test mqtt-benchmark-35
test mqtt-benchmark-138
test mqtt-benchmark-139
test mqtt-benchmark-885
test mqtt-benchmark-489
test mqtt-benchmark-493
test mqtt-benchmark-47
test mqtt-benchmark-67
test mqtt-benchmark-889
test mqtt-benchmark-96
test mqtt-benchmark-2
test mqtt-benchmark-46
test mqtt-benchmark-41
test mqtt-benchmark-311
test mqtt-benchmark-567
test mqtt-benchmark-903
test mqtt-benchmark-330
test mqtt-benchmark-306
test mqtt-benchmark-150
test mqtt-benchmark-951
test mqtt-benchmark-54
test mqtt-benchmark-33
test mqtt-benchmark-424
test mqtt-benchmark-496
test mqtt-benchmark-78
test mqtt-benchmark-326
test mqtt-benchmark-70
test mqtt-benchmark-566
test mqtt-benchmark-439
test mqtt-benchmark-429
test mqtt-benchmark-598
test mqtt-benchmark-913
test mqtt-benchmark-77
test mqtt-benchmark-159
test mqtt-benchmark-481
test mqtt-benchmark-953
test mqtt-benchmark-934
test mqtt-benchmark-16
test mqtt-benchmark-411
test mqtt-benchmark-173
test mqtt-benchmark-665
test mqtt-benchmark-211
test mqtt-benchmark-610
test mqtt-benchmark-594
test mqtt-benchmark-273
test mqtt-benchmark-196
test mqtt-benchmark-655
test mqtt-benchmark-73
test mqtt-benchmark-160
test mqtt-benchmark-618
test mqtt-benchmark-926
test mqtt-benchmark-588
test mqtt-benchmark-908
test mqtt-benchmark-456
test mqtt-benchmark-836
test mqtt-benchmark-368
test mqtt-benchmark-255
test mqtt-benchmark-104
test mqtt-benchmark-225
test mqtt-benchmark-873
test mqtt-benchmark-904
test mqtt-benchmark-128
test mqtt-benchmark-217
test mqtt-benchmark-520
test mqtt-benchmark-893
test mqtt-benchmark-201
test mqtt-benchmark-458
test mqtt-benchmark-986
test mqtt-benchmark-420
test mqtt-benchmark-290
test mqtt-benchmark-677
test mqtt-benchmark-994
test mqtt-benchmark-413
test mqtt-benchmark-75
test mqtt-benchmark-249
test mqtt-benchmark-522
test mqtt-benchmark-968
test mqtt-benchmark-938
test mqtt-benchmark-824
test mqtt-benchmark-285
test mqtt-benchmark-91
test mqtt-benchmark-815
test mqtt-benchmark-892
test mqtt-benchmark-238
test mqtt-benchmark-482
test mqtt-benchmark-219
test mqtt-benchmark-551
test mqtt-benchmark-282
test mqtt-benchmark-514
test mqtt-benchmark-923
test mqtt-benchmark-580
test mqtt-benchmark-504
test mqtt-benchmark-856
test mqtt-benchmark-289
test mqtt-benchmark-854
test mqtt-benchmark-503
test mqtt-benchmark-142
test mqtt-benchmark-685
test mqtt-benchmark-415
test mqtt-benchmark-334
test mqtt-benchmark-529
test mqtt-benchmark-743
test mqtt-benchmark-547
test mqtt-benchmark-802
test mqtt-benchmark-179
test mqtt-benchmark-585
test mqtt-benchmark-620
test mqtt-benchmark-676
test mqtt-benchmark-472
test mqtt-benchmark-241
test mqtt-benchmark-124
test mqtt-benchmark-349
test mqtt-benchmark-624
test mqtt-benchmark-810
test mqtt-benchmark-846
test mqtt-benchmark-779
test mqtt-benchmark-553
test mqtt-benchmark-924
test mqtt-benchmark-342
test mqtt-benchmark-418
test mqtt-benchmark-240
test mqtt-benchmark-116
test mqtt-benchmark-536
test mqtt-benchmark-533
test mqtt-benchmark-822
test mqtt-benchmark-837
test mqtt-benchmark-505
test mqtt-benchmark-541
test mqtt-benchmark-321
test mqtt-benchmark-83
test mqtt-benchmark-905
test mqtt-benchmark-606
test mqtt-benchmark-568
test mqtt-benchmark-53
test mqtt-benchmark-579
test mqtt-benchmark-292
test mqtt-benchmark-474
test mqtt-benchmark-630
test mqtt-benchmark-642
test mqtt-benchmark-947
test mqtt-benchmark-584
test mqtt-benchmark-163
test mqtt-benchmark-960
test mqtt-benchmark-49
test mqtt-benchmark-122
test mqtt-benchmark-688
test mqtt-benchmark-712
test mqtt-benchmark-328
test mqtt-benchmark-725
test mqtt-benchmark-192
test mqtt-benchmark-734
test mqtt-benchmark-980
test mqtt-benchmark-235
test mqtt-benchmark-970
test mqtt-benchmark-123
test mqtt-benchmark-769
test mqtt-benchmark-20
test mqtt-benchmark-361
test mqtt-benchmark-778
test mqtt-benchmark-627
test mqtt-benchmark-661
test mqtt-benchmark-287
test mqtt-benchmark-660
test mqtt-benchmark-807
test mqtt-benchmark-555
test mqtt-benchmark-367
test mqtt-benchmark-272
test mqtt-benchmark-443
test mqtt-benchmark-954
test mqtt-benchmark-491
test mqtt-benchmark-755
test mqtt-benchmark-719
test mqtt-benchmark-990
test mqtt-benchmark-177
test mqtt-benchmark-216
test mqtt-benchmark-850
test mqtt-benchmark-604
test mqtt-benchmark-570
test mqtt-benchmark-370
test mqtt-benchmark-979
test mqtt-benchmark-153
test mqtt-benchmark-462
test mqtt-benchmark-839
test mqtt-benchmark-194
test mqtt-benchmark-789
test mqtt-benchmark-615
test mqtt-benchmark-880
test mqtt-benchmark-323
test mqtt-benchmark-483
test mqtt-benchmark-71
test mqtt-benchmark-200
test mqtt-benchmark-134
test mqtt-benchmark-955
test mqtt-benchmark-348
test mqtt-benchmark-406
test mqtt-benchmark-596
test mqtt-benchmark-426
test mqtt-benchmark-193
test mqtt-benchmark-281
test mqtt-benchmark-412
test mqtt-benchmark-935
test mqtt-benchmark-858
test mqtt-benchmark-601
test mqtt-benchmark-587
test mqtt-benchmark-511
test mqtt-benchmark-501
test mqtt-benchmark-647
test mqtt-benchmark-607
test mqtt-benchmark-727
test mqtt-benchmark-875
test mqtt-benchmark-441
test mqtt-benchmark-944
test mqtt-benchmark-998
test mqtt-benchmark-214
test mqtt-benchmark-762
test mqtt-benchmark-559
test mqtt-benchmark-696
test mqtt-benchmark-144
test mqtt-benchmark-267
test mqtt-benchmark-65
test mqtt-benchmark-814
test mqtt-benchmark-668
test mqtt-benchmark-98
test mqtt-benchmark-715
test mqtt-benchmark-821
test mqtt-benchmark-657
test mqtt-benchmark-310
test mqtt-benchmark-276
test mqtt-benchmark-687
test mqtt-benchmark-571
test mqtt-benchmark-717
test mqtt-benchmark-759
test mqtt-benchmark-52
test mqtt-benchmark-800
test mqtt-benchmark-708
test mqtt-benchmark-395
test mqtt-benchmark-175
test mqtt-benchmark-770
test mqtt-benchmark-961
test mqtt-benchmark-674
test mqtt-benchmark-874
test mqtt-benchmark-614
test mqtt-benchmark-933
test mqtt-benchmark-507
test mqtt-benchmark-721
test mqtt-benchmark-767
test mqtt-benchmark-346
test mqtt-benchmark-32
test mqtt-benchmark-539
test mqtt-benchmark-666
test mqtt-benchmark-169
test mqtt-benchmark-957
test mqtt-benchmark-510
test mqtt-benchmark-476
test mqtt-benchmark-626
test mqtt-benchmark-524
test mqtt-benchmark-358
test mqtt-benchmark-313
test mqtt-benchmark-351
test mqtt-benchmark-931
test mqtt-benchmark-735
test mqtt-benchmark-256
test mqtt-benchmark-816
test mqtt-benchmark-464
test mqtt-benchmark-355
test mqtt-benchmark-653
test mqtt-benchmark-318
test mqtt-benchmark-316
test mqtt-benchmark-776
test mqtt-benchmark-813
test mqtt-benchmark-445
test mqtt-benchmark-675
test mqtt-benchmark-430
test mqtt-benchmark-146
test mqtt-benchmark-917
test mqtt-benchmark-333
test mqtt-benchmark-694
test mqtt-benchmark-432
test mqtt-benchmark-742
test mqtt-benchmark-556
test mqtt-benchmark-733
test mqtt-benchmark-919
test mqtt-benchmark-277
test mqtt-benchmark-433
test mqtt-benchmark-689
test mqtt-benchmark-112
test mqtt-benchmark-460
test mqtt-benchmark-244
test mqtt-benchmark-987
test mqtt-benchmark-233
test mqtt-benchmark-444
test mqtt-benchmark-467
test mqtt-benchmark-654
test mqtt-benchmark-941
test mqtt-benchmark-679
test mqtt-benchmark-499
test mqtt-benchmark-171
test mqtt-benchmark-352
test mqtt-benchmark-656
test mqtt-benchmark-925
test mqtt-benchmark-210
test mqtt-benchmark-612
test mqtt-benchmark-827
test mqtt-benchmark-640
test mqtt-benchmark-92
test mqtt-benchmark-538
test mqtt-benchmark-662
test mqtt-benchmark-872
test mqtt-benchmark-591
test mqtt-benchmark-51
test mqtt-benchmark-710
test mqtt-benchmark-451
test mqtt-benchmark-936
test mqtt-benchmark-207
test mqtt-benchmark-928
test mqtt-benchmark-527
test mqtt-benchmark-115
test mqtt-benchmark-882
test mqtt-benchmark-114
test mqtt-benchmark-373
test mqtt-benchmark-823
test mqtt-benchmark-915
test mqtt-benchmark-329
test mqtt-benchmark-101
test mqtt-benchmark-307
test mqtt-benchmark-120
test mqtt-benchmark-297
test mqtt-benchmark-301
test mqtt-benchmark-914
test mqtt-benchmark-543
test mqtt-benchmark-583
test mqtt-benchmark-62
test mqtt-benchmark-376
test mqtt-benchmark-254
test mqtt-benchmark-286
test mqtt-benchmark-66
test mqtt-benchmark-265
test mqtt-benchmark-60
test mqtt-benchmark-338
test mqtt-benchmark-792
test mqtt-benchmark-557
test mqtt-benchmark-760
test mqtt-benchmark-48
test mqtt-benchmark-55
test mqtt-benchmark-589
test mqtt-benchmark-479
test mqtt-benchmark-113
test mqtt-benchmark-832
test mqtt-benchmark-852
test mqtt-benchmark-619
test mqtt-benchmark-901
test mqtt-benchmark-130
test mqtt-benchmark-359
test mqtt-benchmark-526
test mqtt-benchmark-765
test mqtt-benchmark-863
test mqtt-benchmark-753
test mqtt-benchmark-967
test mqtt-benchmark-402
test mqtt-benchmark-300
test mqtt-benchmark-902
test mqtt-benchmark-513
test mqtt-benchmark-641
test mqtt-benchmark-704
test mqtt-benchmark-774
test mqtt-benchmark-5
test mqtt-benchmark-746
test mqtt-benchmark-695
test mqtt-benchmark-243
test mqtt-benchmark-729
test mqtt-benchmark-414
test mqtt-benchmark-380
test mqtt-benchmark-392
test mqtt-benchmark-820
test mqtt-benchmark-410
test mqtt-benchmark-317
test mqtt-benchmark-76
test mqtt-benchmark-847
test mqtt-benchmark-497
test mqtt-benchmark-140
test mqtt-benchmark-18
test mqtt-benchmark-170
test mqtt-benchmark-446
test mqtt-benchmark-714
test mqtt-benchmark-562
test mqtt-benchmark-625
test mqtt-benchmark-855
test mqtt-benchmark-929
test mqtt-benchmark-535
test mqtt-benchmark-345
test mqtt-benchmark-811
test mqtt-benchmark-834
test mqtt-benchmark-898
test mqtt-benchmark-369
test mqtt-benchmark-506
test mqtt-benchmark-151
test mqtt-benchmark-81
test mqtt-benchmark-132
test mqtt-benchmark-246
test mqtt-benchmark-515
test mqtt-benchmark-498
test mqtt-benchmark-223
test mqtt-benchmark-129
test mqtt-benchmark-268
test mqtt-benchmark-723
test mqtt-benchmark-89
test mqtt-benchmark-417
test mqtt-benchmark-80
test mqtt-benchmark-649
test mqtt-benchmark-125
test mqtt-benchmark-569
test mqtt-benchmark-407
test mqtt-benchmark-341
test mqtt-benchmark-991
test mqtt-benchmark-409
test mqtt-benchmark-34
test mqtt-benchmark-563
test mqtt-benchmark-549
test mqtt-benchmark-381
test mqtt-benchmark-546
test mqtt-benchmark-421
test mqtt-benchmark-206
test mqtt-benchmark-840
test mqtt-benchmark-335
test mqtt-benchmark-375
test mqtt-benchmark-718
test mqtt-benchmark-204
test mqtt-benchmark-582
test mqtt-benchmark-812
test mqtt-benchmark-508
test mqtt-benchmark-386
test mqtt-benchmark-264
test mqtt-benchmark-147
test mqtt-benchmark-678
test mqtt-benchmark-909
test mqtt-benchmark-937
test mqtt-benchmark-137
test mqtt-benchmark-972
test mqtt-benchmark-826
test mqtt-benchmark-670
test mqtt-benchmark-396
test mqtt-benchmark-174
test mqtt-benchmark-165
test mqtt-benchmark-748
test mqtt-benchmark-622
test mqtt-benchmark-168
test mqtt-benchmark-809
test mqtt-benchmark-843
test mqtt-benchmark-989
test mqtt-benchmark-808
test mqtt-benchmark-720
test mqtt-benchmark-478
test mqtt-benchmark-230
test mqtt-benchmark-469
test mqtt-benchmark-356
test mqtt-benchmark-455
test mqtt-benchmark-737
test mqtt-benchmark-572
test mqtt-benchmark-709
test mqtt-benchmark-651
test mqtt-benchmark-512
test mqtt-benchmark-818
test mqtt-benchmark-916
test mqtt-benchmark-283
test mqtt-benchmark-237
test mqtt-benchmark-976
test mqtt-benchmark-848
test mqtt-benchmark-681
test mqtt-benchmark-634
test mqtt-benchmark-763
test mqtt-benchmark-184
test mqtt-benchmark-463
test mqtt-benchmark-966
test mqtt-benchmark-844
test mqtt-benchmark-234
test mqtt-benchmark-730
test mqtt-benchmark-453
test mqtt-benchmark-477
test mqtt-benchmark-542
test mqtt-benchmark-422
test mqtt-benchmark-145
test mqtt-benchmark-419
test mqtt-benchmark-632
test mqtt-benchmark-389
test mqtt-benchmark-357
test mqtt-benchmark-36
test mqtt-benchmark-845
test mqtt-benchmark-212
test mqtt-benchmark-739
test mqtt-benchmark-88
test mqtt-benchmark-475
test mqtt-benchmark-164
test mqtt-benchmark-278
test mqtt-benchmark-466
test mqtt-benchmark-431
test mqtt-benchmark-384
test mqtt-benchmark-781
test mqtt-benchmark-711
test mqtt-benchmark-959
test mqtt-benchmark-635
test mqtt-benchmark-658
test mqtt-benchmark-690
test mqtt-benchmark-227
test mqtt-benchmark-121
test mqtt-benchmark-691
test mqtt-benchmark-888
test mqtt-benchmark-964
test mqtt-benchmark-166
test mqtt-benchmark-531
test mqtt-benchmark-245
test mqtt-benchmark-940
test mqtt-benchmark-771
test mqtt-benchmark-943
test mqtt-benchmark-985
test mqtt-benchmark-107
test mqtt-benchmark-274
test mqtt-benchmark-804
test mqtt-benchmark-405
test mqtt-benchmark-156
test mqtt-benchmark-253
test mqtt-benchmark-182
test mqtt-benchmark-782
test mqtt-benchmark-393
test mqtt-benchmark-741
test mqtt-benchmark-434
test mqtt-benchmark-176
test mqtt-benchmark-488
test mqtt-benchmark-127
test mqtt-benchmark-891
test mqtt-benchmark-732
test mqtt-benchmark-385
test mqtt-benchmark-867
test mqtt-benchmark-72
test mqtt-benchmark-973
test mqtt-benchmark-374
test mqtt-benchmark-927
test mqtt-benchmark-613
test mqtt-benchmark-222
test mqtt-benchmark-764
test mqtt-benchmark-573
test mqtt-benchmark-293
test mqtt-benchmark-435
test mqtt-benchmark-99
test mqtt-benchmark-667
test mqtt-benchmark-93
test mqtt-benchmark-652
test mqtt-benchmark-269
test mqtt-benchmark-794
test mqtt-benchmark-787
test mqtt-benchmark-95
test mqtt-benchmark-203
test mqtt-benchmark-550
test mqtt-benchmark-257
test mqtt-benchmark-830
test mqtt-benchmark-869
test mqtt-benchmark-465
test mqtt-benchmark-220
test mqtt-benchmark-981
test mqtt-benchmark-19
test mqtt-benchmark-871
test mqtt-benchmark-199
test mqtt-benchmark-878
test mqtt-benchmark-650
test mqtt-benchmark-825
test mqtt-benchmark-756
test mqtt-benchmark-266
test mqtt-benchmark-703
test mqtt-benchmark-382
test mqtt-benchmark-155
test mqtt-benchmark-992
test mqtt-benchmark-982
test mqtt-benchmark-686
test mqtt-benchmark-692
test mqtt-benchmark-883
test mqtt-benchmark-105
test mqtt-benchmark-775
test mqtt-benchmark-492
test mqtt-benchmark-305
test mqtt-benchmark-118
test mqtt-benchmark-664
test mqtt-benchmark-798
test mqtt-benchmark-525
test mqtt-benchmark-646
test mqtt-benchmark-403
test mqtt-benchmark-833
test mqtt-benchmark-977
test mqtt-benchmark-956
test mqtt-benchmark-423
test mqtt-benchmark-517
test mqtt-benchmark-672
test mqtt-benchmark-388
test mqtt-benchmark-561
test mqtt-benchmark-344
test mqtt-benchmark-590
test mqtt-benchmark-993
test mqtt-benchmark-575
test mqtt-benchmark-260
test mqtt-benchmark-261
test mqtt-benchmark-437
test mqtt-benchmark-899
test mqtt-benchmark-726
test mqtt-benchmark-79
test mqtt-benchmark-236
test mqtt-benchmark-552
test mqtt-benchmark-372
test mqtt-benchmark-628
test mqtt-benchmark-304
test mqtt-benchmark-347
test mqtt-benchmark-648
test mqtt-benchmark-291
test mqtt-benchmark-757
test mqtt-benchmark-408
test mqtt-benchmark-187
test mqtt-benchmark-971
test mqtt-benchmark-921
test mqtt-benchmark-126
test mqtt-benchmark-50
test mqtt-benchmark-616
test mqtt-benchmark-772
test mqtt-benchmark-865
test mqtt-benchmark-136
test mqtt-benchmark-106
test mqtt-benchmark-189
test mqtt-benchmark-962
test mqtt-benchmark-308
test mqtt-benchmark-218
test mqtt-benchmark-378
test mqtt-benchmark-161
test mqtt-benchmark-738
test mqtt-benchmark-337
test mqtt-benchmark-387
test mqtt-benchmark-195
test mqtt-benchmark-564
test mqtt-benchmark-790
test mqtt-benchmark-509
test mqtt-benchmark-638
test mqtt-benchmark-974
test mqtt-benchmark-754
test mqtt-benchmark-379
test mqtt-benchmark-399
test mqtt-benchmark-457
test mqtt-benchmark-440
test mqtt-benchmark-887
test mqtt-benchmark-448
test mqtt-benchmark-366
test mqtt-benchmark-629
test mqtt-benchmark-600
test mqtt-benchmark-485
test mqtt-benchmark-17
test mqtt-benchmark-232
test mqtt-benchmark-295
test mqtt-benchmark-682
test mqtt-benchmark-74
test mqtt-benchmark-786
test mqtt-benchmark-523
test mqtt-benchmark-202
test mqtt-benchmark-621
test mqtt-benchmark-984
test mqtt-benchmark-532
test mqtt-benchmark-699
test mqtt-benchmark-37
test mqtt-benchmark-842
test mqtt-benchmark-853
test mqtt-benchmark-828
test mqtt-benchmark-343
test mqtt-benchmark-592
test mqtt-benchmark-683
test mqtt-benchmark-324
test mqtt-benchmark-296
test mqtt-benchmark-312
test mqtt-benchmark-364
test mqtt-benchmark-262
test mqtt-benchmark-534
test mqtt-benchmark-617
test mqtt-benchmark-581
test mqtt-benchmark-213
test mqtt-benchmark-586
test mqtt-benchmark-149
test mqtt-benchmark-391
test mqtt-benchmark-669
test mqtt-benchmark-279
test mqtt-benchmark-521
test mqtt-benchmark-751
test mqtt-benchmark-644
test mqtt-benchmark-597
test mqtt-benchmark-158
test mqtt-benchmark-528
test mqtt-benchmark-327
test mqtt-benchmark-949
test mqtt-benchmark-325
test mqtt-benchmark-777
test mqtt-benchmark-428
test mqtt-benchmark-895
test mqtt-benchmark-31
test mqtt-benchmark-784
test mqtt-benchmark-85
test mqtt-benchmark-623
test mqtt-benchmark-27
test mqtt-benchmark-907
test mqtt-benchmark-102
test mqtt-benchmark-178
test mqtt-benchmark-231
test mqtt-benchmark-250
test mqtt-benchmark-609
test mqtt-benchmark-190
test mqtt-benchmark-228
test mqtt-benchmark-22
test mqtt-benchmark-154
test mqtt-benchmark-988
test mqtt-benchmark-397
test mqtt-benchmark-398
test mqtt-benchmark-595
test mqtt-benchmark-963
test mqtt-benchmark-896
test mqtt-benchmark-449
test mqtt-benchmark-247
test mqtt-benchmark-639
test mqtt-benchmark-191
test mqtt-benchmark-284
test mqtt-benchmark-942
test mqtt-benchmark-198
test mqtt-benchmark-965
test mqtt-benchmark-180
test mqtt-benchmark-870
test mqtt-benchmark-84
test mqtt-benchmark-750
test mqtt-benchmark-299
test mqtt-benchmark-459
test mqtt-benchmark-263
test mqtt-benchmark-252
test mqtt-benchmark-829
test mqtt-benchmark-799
test mqtt-benchmark-608
test mqtt-benchmark-599
test mqtt-benchmark-545
test mqtt-benchmark-862
test mqtt-benchmark-761
test mqtt-benchmark-38
test mqtt-benchmark-502
test mqtt-benchmark-516
test mqtt-benchmark-298
test mqtt-benchmark-59
test mqtt-benchmark-706
test mqtt-benchmark-995
test mqtt-benchmark-309
test mqtt-benchmark-851
test mqtt-benchmark-90
test mqtt-benchmark-239
test mqtt-benchmark-897
test mqtt-benchmark-983
test mqtt-benchmark-673
test mqtt-benchmark-350
test mqtt-benchmark-859
test mqtt-benchmark-208
test mqtt-benchmark-645
test mqtt-benchmark-693
test mqtt-benchmark-876
test mqtt-benchmark-468
test mqtt-benchmark-749
test mqtt-benchmark-879
test mqtt-benchmark-969
test mqtt-benchmark-702
test mqtt-benchmark-109
test mqtt-benchmark-705
test mqtt-benchmark-471
test mqtt-benchmark-167
test mqtt-benchmark-425
test mqtt-benchmark-894
test mqtt-benchmark-722
test mqtt-benchmark-157
test mqtt-benchmark-797
test mqtt-benchmark-452
test mqtt-benchmark-438
test mqtt-benchmark-736
test mqtt-benchmark-362
test mqtt-benchmark-910
test mqtt-benchmark-868
test mqtt-benchmark-447
test mqtt-benchmark-339
test mqtt-benchmark-490
test mqtt-benchmark-801
test mqtt-benchmark-314
test mqtt-benchmark-181
test mqtt-benchmark-143
test mqtt-benchmark-205
test mqtt-benchmark-838
test mqtt-benchmark-576
test mqtt-benchmark-248
test mqtt-benchmark-602
test mqtt-benchmark-141
test mqtt-benchmark-911
test mqtt-benchmark-270
test mqtt-benchmark-119
test mqtt-benchmark-684
test mqtt-benchmark-783
test mqtt-benchmark-320
test mqtt-benchmark-835
test mqtt-benchmark-383
test mqtt-benchmark-353
test mqtt-benchmark-548
test mqtt-benchmark-209
test mqtt-benchmark-740
test mqtt-benchmark-530
test mqtt-benchmark-258
test mqtt-benchmark-731
test mqtt-benchmark-671
test mqtt-benchmark-110
test mqtt-benchmark-480
test mqtt-benchmark-224
test mqtt-benchmark-918
test mqtt-benchmark-131
test mqtt-benchmark-680
test mqtt-benchmark-752
test mqtt-benchmark-886
test mqtt-benchmark-950
test mqtt-benchmark-365
test mqtt-benchmark-540
test mqtt-benchmark-952
test mqtt-benchmark-795
test mqtt-benchmark-728
test mqtt-benchmark-946
test mqtt-benchmark-906
test mqtt-benchmark-611
test mqtt-benchmark-486
test mqtt-benchmark-494
test mqtt-benchmark-999
test mqtt-benchmark-633
test mqtt-benchmark-377
test mqtt-benchmark-554
test mqtt-benchmark-803
test mqtt-benchmark-315
test mqtt-benchmark-319
test mqtt-benchmark-768
test mqtt-benchmark-332
test mqtt-benchmark-183
test mqtt-benchmark-172
test mqtt-benchmark-360
test mqtt-benchmark-922
test mqtt-benchmark-857
test mqtt-benchmark-603
test mqtt-benchmark-303
test mqtt-benchmark-958
test mqtt-benchmark-698
test mqtt-benchmark-275
test mqtt-benchmark-796
test mqtt-benchmark-558
test mqtt-benchmark-186
test mqtt-benchmark-945
test mqtt-benchmark-860
test mqtt-benchmark-354
test mqtt-benchmark-565
test mqtt-benchmark-900
test mqtt-benchmark-133
test mqtt-benchmark-631
test mqtt-benchmark-700
test mqtt-benchmark-544
test mqtt-benchmark-188
test mqtt-benchmark-302
test mqtt-benchmark-793
test mqtt-benchmark-574
test mqtt-benchmark-442
test mqtt-benchmark-500
test mqtt-benchmark-390
test mqtt-benchmark-864
test mqtt-benchmark-817
test mqtt-benchmark-14
test mqtt-benchmark-450
test mqtt-benchmark-518
test mqtt-benchmark-229
test mqtt-benchmark-394
test mqtt-benchmark-519
test mqtt-benchmark-108
test mqtt-benchmark-697
test mqtt-benchmark-226
test mqtt-benchmark-135
test mqtt-benchmark-978
test mqtt-benchmark-185
test mqtt-benchmark-932
test mqtt-benchmark-87
test mqtt-benchmark-162
test mqtt-benchmark-806
test mqtt-benchmark-117
test mqtt-benchmark-884
test mqtt-benchmark-659
test mqtt-benchmark-251
test mqtt-benchmark-331
test mqtt-benchmark-643
test mqtt-benchmark-766
test mqtt-benchmark-939
test mqtt-benchmark-152
test mqtt-benchmark-427
test mqtt-benchmark-780
test mqtt-benchmark-242
test mqtt-benchmark-10
test mqtt-benchmark-294
test mqtt-benchmark-920
test mqtt-benchmark-747
test mqtt-benchmark-487
test mqtt-benchmark-890
test mqtt-benchmark-773
test mqtt-benchmark-340
test mqtt-benchmark-94
test mqtt-benchmark-197
test mqtt-benchmark-785
test mqtt-benchmark-663
test mqtt-benchmark-948
test mqtt-benchmark-401
test mqtt-benchmark-280
test mqtt-benchmark-336
test mqtt-benchmark-215
test mqtt-benchmark-805
test mqtt-benchmark-713
test mqtt-benchmark-271
test mqtt-benchmark-416
test mqtt-benchmark-593
test mqtt-benchmark-288
test mqtt-benchmark-912
test mqtt-benchmark-473
test mqtt-benchmark-21
test mqtt-benchmark-363
test mqtt-benchmark-636
test mqtt-benchmark-707
test mqtt-benchmark-470
test mqtt-benchmark-15
test mqtt-benchmark-724
test mqtt-benchmark-996
test mqtt-benchmark-841
test mqtt-benchmark-371
test mqtt-benchmark-716
test mqtt-benchmark-221
test mqtt-benchmark-861
test mqtt-benchmark-560
test mqtt-benchmark-744
test mqtt-benchmark-819
test mqtt-benchmark-86
test mqtt-benchmark-537
test mqtt-benchmark-404
test mqtt-benchmark-866
test mqtt-benchmark-758
test mqtt-benchmark-400
test mqtt-benchmark-578
test mqtt-benchmark-111
test mqtt-benchmark-3
test mqtt-benchmark-637
test mqtt-benchmark-975
test mqtt-benchmark-788
test mqtt-benchmark-930
test mqtt-benchmark-701
test mqtt-benchmark-436
test mqtt-benchmark-577
test mqtt-benchmark-82
test mqtt-benchmark-322
test mqtt-benchmark-997
test mqtt-benchmark-484
test mqtt-benchmark-881
test mqtt-benchmark-63
test mqtt-benchmark-605
test mqtt-benchmark-877
test mqtt-benchmark-791
test mqtt-benchmark-259
test mqtt-benchmark-461
test mqtt-benchmark-454
test mqtt-benchmark-831
test mqtt-benchmark-495
test mqtt-benchmark-745
test mqtt-benchmark-849
